Analysis & Synthesis report for piano
Thu Apr 08 11:08:50 2021
Quartus Prime Version 17.0.0 Build 595 04/25/2017 SJ Lite Edition


---------------------
; Table of Contents ;
---------------------
  1. Legal Notice
  2. Analysis & Synthesis Summary
  3. Analysis & Synthesis Settings
  4. Parallel Compilation
  5. Analysis & Synthesis Source Files Read
  6. Analysis & Synthesis Resource Usage Summary
  7. Analysis & Synthesis Resource Utilization by Entity
  8. General Register Statistics
  9. Parameter Settings for Inferred Entity Instance: lpm_divide:Mod2
 10. Parameter Settings for Inferred Entity Instance: lpm_divide:Mod3
 11. Parameter Settings for Inferred Entity Instance: lpm_divide:Mod4
 12. Parameter Settings for Inferred Entity Instance: lpm_divide:Mod5
 13. Parameter Settings for Inferred Entity Instance: lpm_divide:Mod0
 14. Parameter Settings for Inferred Entity Instance: lpm_divide:Mod1
 15. Post-Synthesis Netlist Statistics for Top Partition
 16. Elapsed Time Per Partition
 17. Analysis & Synthesis Messages



----------------
; Legal Notice ;
----------------
Copyright (C) 2017  Intel Corporation. All rights reserved.
Your use of Intel Corporation's design tools, logic functions 
and other software and tools, and its AMPP partner logic 
functions, and any output files from any of the foregoing 
(including device programming or simulation files), and any 
associated documentation or information are expressly subject 
to the terms and conditions of the Intel Program License 
Subscription Agreement, the Intel Quartus Prime License Agreement,
the Intel MegaCore Function License Agreement, or other 
applicable license agreement, including, without limitation, 
that your use is for the sole purpose of programming logic 
devices manufactured by Intel and sold by Intel or its 
authorized distributors.  Please refer to the applicable 
agreement for further details.



+-------------------------------------------------------------------------------+
; Analysis & Synthesis Summary                                                  ;
+---------------------------------+---------------------------------------------+
; Analysis & Synthesis Status     ; Successful - Thu Apr 08 11:08:50 2021       ;
; Quartus Prime Version           ; 17.0.0 Build 595 04/25/2017 SJ Lite Edition ;
; Revision Name                   ; piano                                       ;
; Top-level Entity Name           ; piano                                       ;
; Family                          ; Cyclone V                                   ;
; Logic utilization (in ALMs)     ; N/A                                         ;
; Total registers                 ; 35                                          ;
; Total pins                      ; 12                                          ;
; Total virtual pins              ; 0                                           ;
; Total block memory bits         ; 0                                           ;
; Total DSP Blocks                ; 0                                           ;
; Total HSSI RX PCSs              ; 0                                           ;
; Total HSSI PMA RX Deserializers ; 0                                           ;
; Total HSSI TX PCSs              ; 0                                           ;
; Total HSSI PMA TX Serializers   ; 0                                           ;
; Total PLLs                      ; 0                                           ;
; Total DLLs                      ; 0                                           ;
+---------------------------------+---------------------------------------------+


+---------------------------------------------------------------------------------------------------------------------------+
; Analysis & Synthesis Settings                                                                                             ;
+---------------------------------------------------------------------------------+--------------------+--------------------+
; Option                                                                          ; Setting            ; Default Value      ;
+---------------------------------------------------------------------------------+--------------------+--------------------+
; Device                                                                          ; 5CEBA4F23C7        ;                    ;
; Top-level entity name                                                           ; piano              ; piano              ;
; Family name                                                                     ; Cyclone V          ; Cyclone V          ;
; Use smart compilation                                                           ; Off                ; Off                ;
; Enable parallel Assembler and TimeQuest Timing Analyzer during compilation      ; On                 ; On                 ;
; Enable compact report table                                                     ; Off                ; Off                ;
; Restructure Multiplexers                                                        ; Auto               ; Auto               ;
; MLAB Add Timing Constraints For Mixed-Port Feed-Through Mode Setting Don't Care ; Off                ; Off                ;
; Create Debugging Nodes for IP Cores                                             ; Off                ; Off                ;
; Preserve fewer node names                                                       ; On                 ; On                 ;
; OpenCore Plus hardware evaluation                                               ; Enable             ; Enable             ;
; Verilog Version                                                                 ; Verilog_2001       ; Verilog_2001       ;
; VHDL Version                                                                    ; VHDL_1993          ; VHDL_1993          ;
; State Machine Processing                                                        ; Auto               ; Auto               ;
; Safe State Machine                                                              ; Off                ; Off                ;
; Extract Verilog State Machines                                                  ; On                 ; On                 ;
; Extract VHDL State Machines                                                     ; On                 ; On                 ;
; Ignore Verilog initial constructs                                               ; Off                ; Off                ;
; Iteration limit for constant Verilog loops                                      ; 5000               ; 5000               ;
; Iteration limit for non-constant Verilog loops                                  ; 250                ; 250                ;
; Add Pass-Through Logic to Inferred RAMs                                         ; On                 ; On                 ;
; Infer RAMs from Raw Logic                                                       ; On                 ; On                 ;
; Parallel Synthesis                                                              ; On                 ; On                 ;
; DSP Block Balancing                                                             ; Auto               ; Auto               ;
; NOT Gate Push-Back                                                              ; On                 ; On                 ;
; Power-Up Don't Care                                                             ; On                 ; On                 ;
; Remove Redundant Logic Cells                                                    ; Off                ; Off                ;
; Remove Duplicate Registers                                                      ; On                 ; On                 ;
; Ignore CARRY Buffers                                                            ; Off                ; Off                ;
; Ignore CASCADE Buffers                                                          ; Off                ; Off                ;
; Ignore GLOBAL Buffers                                                           ; Off                ; Off                ;
; Ignore ROW GLOBAL Buffers                                                       ; Off                ; Off                ;
; Ignore LCELL Buffers                                                            ; Off                ; Off                ;
; Ignore SOFT Buffers                                                             ; On                 ; On                 ;
; Limit AHDL Integers to 32 Bits                                                  ; Off                ; Off                ;
; Optimization Technique                                                          ; Balanced           ; Balanced           ;
; Carry Chain Length                                                              ; 70                 ; 70                 ;
; Auto Carry Chains                                                               ; On                 ; On                 ;
; Auto Open-Drain Pins                                                            ; On                 ; On                 ;
; Perform WYSIWYG Primitive Resynthesis                                           ; Off                ; Off                ;
; Auto ROM Replacement                                                            ; On                 ; On                 ;
; Auto RAM Replacement                                                            ; On                 ; On                 ;
; Auto DSP Block Replacement                                                      ; On                 ; On                 ;
; Auto Shift Register Replacement                                                 ; Auto               ; Auto               ;
; Allow Shift Register Merging across Hierarchies                                 ; Auto               ; Auto               ;
; Auto Clock Enable Replacement                                                   ; On                 ; On                 ;
; Strict RAM Replacement                                                          ; Off                ; Off                ;
; Allow Synchronous Control Signals                                               ; On                 ; On                 ;
; Force Use of Synchronous Clear Signals                                          ; Off                ; Off                ;
; Auto Resource Sharing                                                           ; Off                ; Off                ;
; Allow Any RAM Size For Recognition                                              ; Off                ; Off                ;
; Allow Any ROM Size For Recognition                                              ; Off                ; Off                ;
; Allow Any Shift Register Size For Recognition                                   ; Off                ; Off                ;
; Use LogicLock Constraints during Resource Balancing                             ; On                 ; On                 ;
; Ignore translate_off and synthesis_off directives                               ; Off                ; Off                ;
; Timing-Driven Synthesis                                                         ; On                 ; On                 ;
; Report Parameter Settings                                                       ; On                 ; On                 ;
; Report Source Assignments                                                       ; On                 ; On                 ;
; Report Connectivity Checks                                                      ; On                 ; On                 ;
; Ignore Maximum Fan-Out Assignments                                              ; Off                ; Off                ;
; Synchronization Register Chain Length                                           ; 3                  ; 3                  ;
; PowerPlay Power Optimization During Synthesis                                   ; Normal compilation ; Normal compilation ;
; HDL message level                                                               ; Level2             ; Level2             ;
; Suppress Register Optimization Related Messages                                 ; Off                ; Off                ;
; Number of Removed Registers Reported in Synthesis Report                        ; 5000               ; 5000               ;
; Number of Swept Nodes Reported in Synthesis Report                              ; 5000               ; 5000               ;
; Number of Inverted Registers Reported in Synthesis Report                       ; 100                ; 100                ;
; Clock MUX Protection                                                            ; On                 ; On                 ;
; Auto Gated Clock Conversion                                                     ; Off                ; Off                ;
; Block Design Naming                                                             ; Auto               ; Auto               ;
; SDC constraint protection                                                       ; Off                ; Off                ;
; Synthesis Effort                                                                ; Auto               ; Auto               ;
; Shift Register Replacement - Allow Asynchronous Clear Signal                    ; On                 ; On                 ;
; Pre-Mapping Resynthesis Optimization                                            ; Off                ; Off                ;
; Analysis & Synthesis Message Level                                              ; Medium             ; Medium             ;
; Disable Register Merging Across Hierarchies                                     ; Auto               ; Auto               ;
; Resource Aware Inference For Block RAM                                          ; On                 ; On                 ;
; Automatic Parallel Synthesis                                                    ; On                 ; On                 ;
; Partial Reconfiguration Bitstream ID                                            ; Off                ; Off                ;
+---------------------------------------------------------------------------------+--------------------+--------------------+


+------------------------------------------+
; Parallel Compilation                     ;
+----------------------------+-------------+
; Processors                 ; Number      ;
+----------------------------+-------------+
; Number detected on machine ; 4           ;
; Maximum allowed            ; 2           ;
;                            ;             ;
; Average used               ; 1.00        ;
; Maximum used               ; 2           ;
;                            ;             ;
; Usage by Processor         ; % Time Used ;
;     Processor 1            ; 100.0%      ;
;     Processor 2            ;   0.1%      ;
+----------------------------+-------------+


+--------------------------------------------------------------------------------------------------------------------------------------------------------------------------+
; Analysis & Synthesis Source Files Read                                                                                                                                   ;
+----------------------------------+-----------------+------------------------------+----------------------------------------------------------------------------+---------+
; File Name with User-Entered Path ; Used in Netlist ; File Type                    ; File Name with Absolute Path                                               ; Library ;
+----------------------------------+-----------------+------------------------------+----------------------------------------------------------------------------+---------+
; piano.v                          ; yes             ; User Verilog HDL File        ; C:/Users/Yumi Amahane/Desktop/piano_verilog/piano.v                        ;         ;
; lpm_divide.tdf                   ; yes             ; Megafunction                 ; c:/intelfpga_lite/17.0/quartus/libraries/megafunctions/lpm_divide.tdf      ;         ;
; abs_divider.inc                  ; yes             ; Megafunction                 ; c:/intelfpga_lite/17.0/quartus/libraries/megafunctions/abs_divider.inc     ;         ;
; sign_div_unsign.inc              ; yes             ; Megafunction                 ; c:/intelfpga_lite/17.0/quartus/libraries/megafunctions/sign_div_unsign.inc ;         ;
; aglobal170.inc                   ; yes             ; Megafunction                 ; c:/intelfpga_lite/17.0/quartus/libraries/megafunctions/aglobal170.inc      ;         ;
; db/lpm_divide_r3m.tdf            ; yes             ; Auto-Generated Megafunction  ; C:/Users/Yumi Amahane/Desktop/piano_verilog/db/lpm_divide_r3m.tdf          ;         ;
; db/sign_div_unsign_ulh.tdf       ; yes             ; Auto-Generated Megafunction  ; C:/Users/Yumi Amahane/Desktop/piano_verilog/db/sign_div_unsign_ulh.tdf     ;         ;
; db/alt_u_div_20f.tdf             ; yes             ; Auto-Generated Megafunction  ; C:/Users/Yumi Amahane/Desktop/piano_verilog/db/alt_u_div_20f.tdf           ;         ;
; db/lpm_divide_s3m.tdf            ; yes             ; Auto-Generated Megafunction  ; C:/Users/Yumi Amahane/Desktop/piano_verilog/db/lpm_divide_s3m.tdf          ;         ;
; db/sign_div_unsign_vlh.tdf       ; yes             ; Auto-Generated Megafunction  ; C:/Users/Yumi Amahane/Desktop/piano_verilog/db/sign_div_unsign_vlh.tdf     ;         ;
; db/alt_u_div_40f.tdf             ; yes             ; Auto-Generated Megafunction  ; C:/Users/Yumi Amahane/Desktop/piano_verilog/db/alt_u_div_40f.tdf           ;         ;
+----------------------------------+-----------------+------------------------------+----------------------------------------------------------------------------+---------+


+---------------------------------------------------------+
; Analysis & Synthesis Resource Usage Summary             ;
+---------------------------------------------+-----------+
; Resource                                    ; Usage     ;
+---------------------------------------------+-----------+
; Estimate of Logic utilization (ALMs needed) ; 1141      ;
;                                             ;           ;
; Combinational ALUT usage for logic          ; 2258      ;
;     -- 7 input functions                    ; 3         ;
;     -- 6 input functions                    ; 20        ;
;     -- 5 input functions                    ; 157       ;
;     -- 4 input functions                    ; 557       ;
;     -- <=3 input functions                  ; 1521      ;
;                                             ;           ;
; Dedicated logic registers                   ; 35        ;
;                                             ;           ;
; I/O pins                                    ; 12        ;
;                                             ;           ;
; Total DSP Blocks                            ; 0         ;
;                                             ;           ;
; Maximum fan-out node                        ; CLK~input ;
; Maximum fan-out                             ; 35        ;
; Total fan-out                               ; 7172      ;
; Average fan-out                             ; 3.10      ;
+---------------------------------------------+-----------+


+-----------------------------------------------------------------------------------------------------------------------------------------------------------------------------------------------------------------------------------------------------------------------------------------------+
; Analysis & Synthesis Resource Utilization by Entity                                                                                                                                                                                                                                           ;
+----------------------------------------+---------------------+---------------------------+-------------------+------------+------+--------------+--------------------------------------------------------------------------------------------------------+---------------------+--------------+
; Compilation Hierarchy Node             ; Combinational ALUTs ; Dedicated Logic Registers ; Block Memory Bits ; DSP Blocks ; Pins ; Virtual Pins ; Full Hierarchy Name                                                                                    ; Entity Name         ; Library Name ;
+----------------------------------------+---------------------+---------------------------+-------------------+------------+------+--------------+--------------------------------------------------------------------------------------------------------+---------------------+--------------+
; |piano                                 ; 2258 (82)           ; 35 (35)                   ; 0                 ; 0          ; 12   ; 0            ; |piano                                                                                                 ; piano               ; work         ;
;    |lpm_divide:Mod0|                   ; 385 (0)             ; 0 (0)                     ; 0                 ; 0          ; 0    ; 0            ; |piano|lpm_divide:Mod0                                                                                 ; lpm_divide          ; work         ;
;       |lpm_divide_s3m:auto_generated|  ; 385 (0)             ; 0 (0)                     ; 0                 ; 0          ; 0    ; 0            ; |piano|lpm_divide:Mod0|lpm_divide_s3m:auto_generated                                                   ; lpm_divide_s3m      ; work         ;
;          |sign_div_unsign_vlh:divider| ; 385 (0)             ; 0 (0)                     ; 0                 ; 0          ; 0    ; 0            ; |piano|lpm_divide:Mod0|lpm_divide_s3m:auto_generated|sign_div_unsign_vlh:divider                       ; sign_div_unsign_vlh ; work         ;
;             |alt_u_div_40f:divider|    ; 385 (385)           ; 0 (0)                     ; 0                 ; 0          ; 0    ; 0            ; |piano|lpm_divide:Mod0|lpm_divide_s3m:auto_generated|sign_div_unsign_vlh:divider|alt_u_div_40f:divider ; alt_u_div_40f       ; work         ;
;    |lpm_divide:Mod1|                   ; 385 (0)             ; 0 (0)                     ; 0                 ; 0          ; 0    ; 0            ; |piano|lpm_divide:Mod1                                                                                 ; lpm_divide          ; work         ;
;       |lpm_divide_s3m:auto_generated|  ; 385 (0)             ; 0 (0)                     ; 0                 ; 0          ; 0    ; 0            ; |piano|lpm_divide:Mod1|lpm_divide_s3m:auto_generated                                                   ; lpm_divide_s3m      ; work         ;
;          |sign_div_unsign_vlh:divider| ; 385 (0)             ; 0 (0)                     ; 0                 ; 0          ; 0    ; 0            ; |piano|lpm_divide:Mod1|lpm_divide_s3m:auto_generated|sign_div_unsign_vlh:divider                       ; sign_div_unsign_vlh ; work         ;
;             |alt_u_div_40f:divider|    ; 385 (385)           ; 0 (0)                     ; 0                 ; 0          ; 0    ; 0            ; |piano|lpm_divide:Mod1|lpm_divide_s3m:auto_generated|sign_div_unsign_vlh:divider|alt_u_div_40f:divider ; alt_u_div_40f       ; work         ;
;    |lpm_divide:Mod2|                   ; 347 (0)             ; 0 (0)                     ; 0                 ; 0          ; 0    ; 0            ; |piano|lpm_divide:Mod2                                                                                 ; lpm_divide          ; work         ;
;       |lpm_divide_r3m:auto_generated|  ; 347 (0)             ; 0 (0)                     ; 0                 ; 0          ; 0    ; 0            ; |piano|lpm_divide:Mod2|lpm_divide_r3m:auto_generated                                                   ; lpm_divide_r3m      ; work         ;
;          |sign_div_unsign_ulh:divider| ; 347 (0)             ; 0 (0)                     ; 0                 ; 0          ; 0    ; 0            ; |piano|lpm_divide:Mod2|lpm_divide_r3m:auto_generated|sign_div_unsign_ulh:divider                       ; sign_div_unsign_ulh ; work         ;
;             |alt_u_div_20f:divider|    ; 347 (347)           ; 0 (0)                     ; 0                 ; 0          ; 0    ; 0            ; |piano|lpm_divide:Mod2|lpm_divide_r3m:auto_generated|sign_div_unsign_ulh:divider|alt_u_div_20f:divider ; alt_u_div_20f       ; work         ;
;    |lpm_divide:Mod3|                   ; 348 (0)             ; 0 (0)                     ; 0                 ; 0          ; 0    ; 0            ; |piano|lpm_divide:Mod3                                                                                 ; lpm_divide          ; work         ;
;       |lpm_divide_r3m:auto_generated|  ; 348 (0)             ; 0 (0)                     ; 0                 ; 0          ; 0    ; 0            ; |piano|lpm_divide:Mod3|lpm_divide_r3m:auto_generated                                                   ; lpm_divide_r3m      ; work         ;
;          |sign_div_unsign_ulh:divider| ; 348 (0)             ; 0 (0)                     ; 0                 ; 0          ; 0    ; 0            ; |piano|lpm_divide:Mod3|lpm_divide_r3m:auto_generated|sign_div_unsign_ulh:divider                       ; sign_div_unsign_ulh ; work         ;
;             |alt_u_div_20f:divider|    ; 348 (348)           ; 0 (0)                     ; 0                 ; 0          ; 0    ; 0            ; |piano|lpm_divide:Mod3|lpm_divide_r3m:auto_generated|sign_div_unsign_ulh:divider|alt_u_div_20f:divider ; alt_u_div_20f       ; work         ;
;    |lpm_divide:Mod4|                   ; 364 (0)             ; 0 (0)                     ; 0                 ; 0          ; 0    ; 0            ; |piano|lpm_divide:Mod4                                                                                 ; lpm_divide          ; work         ;
;       |lpm_divide_r3m:auto_generated|  ; 364 (0)             ; 0 (0)                     ; 0                 ; 0          ; 0    ; 0            ; |piano|lpm_divide:Mod4|lpm_divide_r3m:auto_generated                                                   ; lpm_divide_r3m      ; work         ;
;          |sign_div_unsign_ulh:divider| ; 364 (0)             ; 0 (0)                     ; 0                 ; 0          ; 0    ; 0            ; |piano|lpm_divide:Mod4|lpm_divide_r3m:auto_generated|sign_div_unsign_ulh:divider                       ; sign_div_unsign_ulh ; work         ;
;             |alt_u_div_20f:divider|    ; 364 (364)           ; 0 (0)                     ; 0                 ; 0          ; 0    ; 0            ; |piano|lpm_divide:Mod4|lpm_divide_r3m:auto_generated|sign_div_unsign_ulh:divider|alt_u_div_20f:divider ; alt_u_div_20f       ; work         ;
;    |lpm_divide:Mod5|                   ; 347 (0)             ; 0 (0)                     ; 0                 ; 0          ; 0    ; 0            ; |piano|lpm_divide:Mod5                                                                                 ; lpm_divide          ; work         ;
;       |lpm_divide_r3m:auto_generated|  ; 347 (0)             ; 0 (0)                     ; 0                 ; 0          ; 0    ; 0            ; |piano|lpm_divide:Mod5|lpm_divide_r3m:auto_generated                                                   ; lpm_divide_r3m      ; work         ;
;          |sign_div_unsign_ulh:divider| ; 347 (0)             ; 0 (0)                     ; 0                 ; 0          ; 0    ; 0            ; |piano|lpm_divide:Mod5|lpm_divide_r3m:auto_generated|sign_div_unsign_ulh:divider                       ; sign_div_unsign_ulh ; work         ;
;             |alt_u_div_20f:divider|    ; 347 (347)           ; 0 (0)                     ; 0                 ; 0          ; 0    ; 0            ; |piano|lpm_divide:Mod5|lpm_divide_r3m:auto_generated|sign_div_unsign_ulh:divider|alt_u_div_20f:divider ; alt_u_div_20f       ; work         ;
+----------------------------------------+---------------------+---------------------------+-------------------+------------+------+--------------+--------------------------------------------------------------------------------------------------------+---------------------+--------------+
Note: For table entries with two numbers listed, the numbers in parentheses indicate the number of resources of the given type used by the specific entity alone. The numbers listed outside of parentheses indicate the total resources of the given type used by the specific entity and all of its sub-entities in the hierarchy.


+------------------------------------------------------+
; General Register Statistics                          ;
+----------------------------------------------+-------+
; Statistic                                    ; Value ;
+----------------------------------------------+-------+
; Total registers                              ; 35    ;
; Number of registers using Synchronous Clear  ; 26    ;
; Number of registers using Synchronous Load   ; 0     ;
; Number of registers using Asynchronous Clear ; 0     ;
; Number of registers using Asynchronous Load  ; 0     ;
; Number of registers using Clock Enable       ; 26    ;
; Number of registers using Preset             ; 0     ;
+----------------------------------------------+-------+


+------------------------------------------------------------------+
; Parameter Settings for Inferred Entity Instance: lpm_divide:Mod2 ;
+------------------------+----------------+------------------------+
; Parameter Name         ; Value          ; Type                   ;
+------------------------+----------------+------------------------+
; LPM_WIDTHN             ; 26             ; Untyped                ;
; LPM_WIDTHD             ; 7              ; Untyped                ;
; LPM_NREPRESENTATION    ; UNSIGNED       ; Untyped                ;
; LPM_DREPRESENTATION    ; UNSIGNED       ; Untyped                ;
; LPM_PIPELINE           ; 0              ; Untyped                ;
; LPM_REMAINDERPOSITIVE  ; TRUE           ; Untyped                ;
; MAXIMIZE_SPEED         ; 5              ; Untyped                ;
; CBXI_PARAMETER         ; lpm_divide_r3m ; Untyped                ;
; CARRY_CHAIN            ; MANUAL         ; Untyped                ;
; OPTIMIZE_FOR_SPEED     ; 5              ; Untyped                ;
; AUTO_CARRY_CHAINS      ; ON             ; AUTO_CARRY             ;
; IGNORE_CARRY_BUFFERS   ; OFF            ; IGNORE_CARRY           ;
; AUTO_CASCADE_CHAINS    ; ON             ; AUTO_CASCADE           ;
; IGNORE_CASCADE_BUFFERS ; OFF            ; IGNORE_CASCADE         ;
+------------------------+----------------+------------------------+
Note: In order to hide this table in the UI and the text report file, please set the "Show Parameter Settings in Synthesis Report" option in "Analysis and Synthesis Settings -> More Settings" to "Off".


+------------------------------------------------------------------+
; Parameter Settings for Inferred Entity Instance: lpm_divide:Mod3 ;
+------------------------+----------------+------------------------+
; Parameter Name         ; Value          ; Type                   ;
+------------------------+----------------+------------------------+
; LPM_WIDTHN             ; 26             ; Untyped                ;
; LPM_WIDTHD             ; 7              ; Untyped                ;
; LPM_NREPRESENTATION    ; UNSIGNED       ; Untyped                ;
; LPM_DREPRESENTATION    ; UNSIGNED       ; Untyped                ;
; LPM_PIPELINE           ; 0              ; Untyped                ;
; LPM_REMAINDERPOSITIVE  ; TRUE           ; Untyped                ;
; MAXIMIZE_SPEED         ; 5              ; Untyped                ;
; CBXI_PARAMETER         ; lpm_divide_r3m ; Untyped                ;
; CARRY_CHAIN            ; MANUAL         ; Untyped                ;
; OPTIMIZE_FOR_SPEED     ; 5              ; Untyped                ;
; AUTO_CARRY_CHAINS      ; ON             ; AUTO_CARRY             ;
; IGNORE_CARRY_BUFFERS   ; OFF            ; IGNORE_CARRY           ;
; AUTO_CASCADE_CHAINS    ; ON             ; AUTO_CASCADE           ;
; IGNORE_CASCADE_BUFFERS ; OFF            ; IGNORE_CASCADE         ;
+------------------------+----------------+------------------------+
Note: In order to hide this table in the UI and the text report file, please set the "Show Parameter Settings in Synthesis Report" option in "Analysis and Synthesis Settings -> More Settings" to "Off".


+------------------------------------------------------------------+
; Parameter Settings for Inferred Entity Instance: lpm_divide:Mod4 ;
+------------------------+----------------+------------------------+
; Parameter Name         ; Value          ; Type                   ;
+------------------------+----------------+------------------------+
; LPM_WIDTHN             ; 26             ; Untyped                ;
; LPM_WIDTHD             ; 7              ; Untyped                ;
; LPM_NREPRESENTATION    ; UNSIGNED       ; Untyped                ;
; LPM_DREPRESENTATION    ; UNSIGNED       ; Untyped                ;
; LPM_PIPELINE           ; 0              ; Untyped                ;
; LPM_REMAINDERPOSITIVE  ; TRUE           ; Untyped                ;
; MAXIMIZE_SPEED         ; 5              ; Untyped                ;
; CBXI_PARAMETER         ; lpm_divide_r3m ; Untyped                ;
; CARRY_CHAIN            ; MANUAL         ; Untyped                ;
; OPTIMIZE_FOR_SPEED     ; 5              ; Untyped                ;
; AUTO_CARRY_CHAINS      ; ON             ; AUTO_CARRY             ;
; IGNORE_CARRY_BUFFERS   ; OFF            ; IGNORE_CARRY           ;
; AUTO_CASCADE_CHAINS    ; ON             ; AUTO_CASCADE           ;
; IGNORE_CASCADE_BUFFERS ; OFF            ; IGNORE_CASCADE         ;
+------------------------+----------------+------------------------+
Note: In order to hide this table in the UI and the text report file, please set the "Show Parameter Settings in Synthesis Report" option in "Analysis and Synthesis Settings -> More Settings" to "Off".


+------------------------------------------------------------------+
; Parameter Settings for Inferred Entity Instance: lpm_divide:Mod5 ;
+------------------------+----------------+------------------------+
; Parameter Name         ; Value          ; Type                   ;
+------------------------+----------------+------------------------+
; LPM_WIDTHN             ; 26             ; Untyped                ;
; LPM_WIDTHD             ; 7              ; Untyped                ;
; LPM_NREPRESENTATION    ; UNSIGNED       ; Untyped                ;
; LPM_DREPRESENTATION    ; UNSIGNED       ; Untyped                ;
; LPM_PIPELINE           ; 0              ; Untyped                ;
; LPM_REMAINDERPOSITIVE  ; TRUE           ; Untyped                ;
; MAXIMIZE_SPEED         ; 5              ; Untyped                ;
; CBXI_PARAMETER         ; lpm_divide_r3m ; Untyped                ;
; CARRY_CHAIN            ; MANUAL         ; Untyped                ;
; OPTIMIZE_FOR_SPEED     ; 5              ; Untyped                ;
; AUTO_CARRY_CHAINS      ; ON             ; AUTO_CARRY             ;
; IGNORE_CARRY_BUFFERS   ; OFF            ; IGNORE_CARRY           ;
; AUTO_CASCADE_CHAINS    ; ON             ; AUTO_CASCADE           ;
; IGNORE_CASCADE_BUFFERS ; OFF            ; IGNORE_CASCADE         ;
+------------------------+----------------+------------------------+
Note: In order to hide this table in the UI and the text report file, please set the "Show Parameter Settings in Synthesis Report" option in "Analysis and Synthesis Settings -> More Settings" to "Off".


+------------------------------------------------------------------+
; Parameter Settings for Inferred Entity Instance: lpm_divide:Mod0 ;
+------------------------+----------------+------------------------+
; Parameter Name         ; Value          ; Type                   ;
+------------------------+----------------+------------------------+
; LPM_WIDTHN             ; 26             ; Untyped                ;
; LPM_WIDTHD             ; 8              ; Untyped                ;
; LPM_NREPRESENTATION    ; UNSIGNED       ; Untyped                ;
; LPM_DREPRESENTATION    ; UNSIGNED       ; Untyped                ;
; LPM_PIPELINE           ; 0              ; Untyped                ;
; LPM_REMAINDERPOSITIVE  ; TRUE           ; Untyped                ;
; MAXIMIZE_SPEED         ; 5              ; Untyped                ;
; CBXI_PARAMETER         ; lpm_divide_s3m ; Untyped                ;
; CARRY_CHAIN            ; MANUAL         ; Untyped                ;
; OPTIMIZE_FOR_SPEED     ; 5              ; Untyped                ;
; AUTO_CARRY_CHAINS      ; ON             ; AUTO_CARRY             ;
; IGNORE_CARRY_BUFFERS   ; OFF            ; IGNORE_CARRY           ;
; AUTO_CASCADE_CHAINS    ; ON             ; AUTO_CASCADE           ;
; IGNORE_CASCADE_BUFFERS ; OFF            ; IGNORE_CASCADE         ;
+------------------------+----------------+------------------------+
Note: In order to hide this table in the UI and the text report file, please set the "Show Parameter Settings in Synthesis Report" option in "Analysis and Synthesis Settings -> More Settings" to "Off".


+------------------------------------------------------------------+
; Parameter Settings for Inferred Entity Instance: lpm_divide:Mod1 ;
+------------------------+----------------+------------------------+
; Parameter Name         ; Value          ; Type                   ;
+------------------------+----------------+------------------------+
; LPM_WIDTHN             ; 26             ; Untyped                ;
; LPM_WIDTHD             ; 8              ; Untyped                ;
; LPM_NREPRESENTATION    ; UNSIGNED       ; Untyped                ;
; LPM_DREPRESENTATION    ; UNSIGNED       ; Untyped                ;
; LPM_PIPELINE           ; 0              ; Untyped                ;
; LPM_REMAINDERPOSITIVE  ; TRUE           ; Untyped                ;
; MAXIMIZE_SPEED         ; 5              ; Untyped                ;
; CBXI_PARAMETER         ; lpm_divide_s3m ; Untyped                ;
; CARRY_CHAIN            ; MANUAL         ; Untyped                ;
; OPTIMIZE_FOR_SPEED     ; 5              ; Untyped                ;
; AUTO_CARRY_CHAINS      ; ON             ; AUTO_CARRY             ;
; IGNORE_CARRY_BUFFERS   ; OFF            ; IGNORE_CARRY           ;
; AUTO_CASCADE_CHAINS    ; ON             ; AUTO_CASCADE           ;
; IGNORE_CASCADE_BUFFERS ; OFF            ; IGNORE_CASCADE         ;
+------------------------+----------------+------------------------+
Note: In order to hide this table in the UI and the text report file, please set the "Show Parameter Settings in Synthesis Report" option in "Analysis and Synthesis Settings -> More Settings" to "Off".


+-----------------------------------------------------+
; Post-Synthesis Netlist Statistics for Top Partition ;
+-----------------------+-----------------------------+
; Type                  ; Count                       ;
+-----------------------+-----------------------------+
; arriav_ff             ; 35                          ;
;     ENA SCLR          ; 26                          ;
;     plain             ; 9                           ;
; arriav_lcell_comb     ; 2258                        ;
;     arith             ; 1156                        ;
;         0 data inputs ; 170                         ;
;         1 data inputs ; 318                         ;
;         2 data inputs ; 21                          ;
;         3 data inputs ; 329                         ;
;         4 data inputs ; 318                         ;
;     extend            ; 3                           ;
;         7 data inputs ; 3                           ;
;     normal            ; 1073                        ;
;         1 data inputs ; 1                           ;
;         2 data inputs ; 523                         ;
;         3 data inputs ; 133                         ;
;         4 data inputs ; 239                         ;
;         5 data inputs ; 157                         ;
;         6 data inputs ; 20                          ;
;     shared            ; 26                          ;
;         0 data inputs ; 3                           ;
;         1 data inputs ; 23                          ;
; boundary_port         ; 12                          ;
;                       ;                             ;
; Max LUT depth         ; 56.50                       ;
; Average LUT depth     ; 43.36                       ;
+-----------------------+-----------------------------+


+-------------------------------+
; Elapsed Time Per Partition    ;
+----------------+--------------+
; Partition Name ; Elapsed Time ;
+----------------+--------------+
; Top            ; 00:00:17     ;
+----------------+--------------+


+-------------------------------+
; Analysis & Synthesis Messages ;
+-------------------------------+
Info: *******************************************************************
Info: Running Quartus Prime Analysis & Synthesis
    Info: Version 17.0.0 Build 595 04/25/2017 SJ Lite Edition
    Info: Processing started: Thu Apr 08 11:07:52 2021
Info: Command: quartus_map --read_settings_files=on --write_settings_files=off piano -c piano
Warning (18236): Number of processors has not been specified which may cause overloading on shared machines.  Set the global assignment NUM_PARALLEL_PROCESSORS in your QSF to an appropriate value for best performance.
Info (20030): Parallel compilation is enabled and will use 2 of the 2 processors detected
Info (12021): Found 1 design units, including 1 entities, in source file piano.v
    Info (12023): Found entity 1: piano File: C:/Users/Yumi Amahane/Desktop/piano_verilog/piano.v Line: 1
Info (12127): Elaborating entity "piano" for the top level hierarchy
Warning (10230): Verilog HDL assignment warning at piano.v(13): truncated value with size 32 to match size of target (8) File: C:/Users/Yumi Amahane/Desktop/piano_verilog/piano.v Line: 13
Warning (10230): Verilog HDL assignment warning at piano.v(15): truncated value with size 32 to match size of target (26) File: C:/Users/Yumi Amahane/Desktop/piano_verilog/piano.v Line: 15
Warning (10230): Verilog HDL assignment warning at piano.v(18): truncated value with size 32 to match size of target (2) File: C:/Users/Yumi Amahane/Desktop/piano_verilog/piano.v Line: 18
Warning (10230): Verilog HDL assignment warning at piano.v(19): truncated value with size 32 to match size of target (2) File: C:/Users/Yumi Amahane/Desktop/piano_verilog/piano.v Line: 19
Warning (10230): Verilog HDL assignment warning at piano.v(20): truncated value with size 32 to match size of target (2) File: C:/Users/Yumi Amahane/Desktop/piano_verilog/piano.v Line: 20
Warning (10230): Verilog HDL assignment warning at piano.v(21): truncated value with size 32 to match size of target (2) File: C:/Users/Yumi Amahane/Desktop/piano_verilog/piano.v Line: 21
Warning (10230): Verilog HDL assignment warning at piano.v(24): truncated value with size 32 to match size of target (2) File: C:/Users/Yumi Amahane/Desktop/piano_verilog/piano.v Line: 24
Warning (10230): Verilog HDL assignment warning at piano.v(25): truncated value with size 32 to match size of target (2) File: C:/Users/Yumi Amahane/Desktop/piano_verilog/piano.v Line: 25
Warning (10230): Verilog HDL assignment warning at piano.v(26): truncated value with size 32 to match size of target (2) File: C:/Users/Yumi Amahane/Desktop/piano_verilog/piano.v Line: 26
Warning (10230): Verilog HDL assignment warning at piano.v(27): truncated value with size 32 to match size of target (2) File: C:/Users/Yumi Amahane/Desktop/piano_verilog/piano.v Line: 27
Warning (10230): Verilog HDL assignment warning at piano.v(32): truncated value with size 2 to match size of target (1) File: C:/Users/Yumi Amahane/Desktop/piano_verilog/piano.v Line: 32
Warning (10230): Verilog HDL assignment warning at piano.v(33): truncated value with size 2 to match size of target (1) File: C:/Users/Yumi Amahane/Desktop/piano_verilog/piano.v Line: 33
Info (278001): Inferred 6 megafunctions from design logic
    Info (278004): Inferred divider/modulo megafunction ("lpm_divide") from the following logic: "Mod2" File: C:/Users/Yumi Amahane/Desktop/piano_verilog/piano.v Line: 24
    Info (278004): Inferred divider/modulo megafunction ("lpm_divide") from the following logic: "Mod3" File: C:/Users/Yumi Amahane/Desktop/piano_verilog/piano.v Line: 25
    Info (278004): Inferred divider/modulo megafunction ("lpm_divide") from the following logic: "Mod4" File: C:/Users/Yumi Amahane/Desktop/piano_verilog/piano.v Line: 26
    Info (278004): Inferred divider/modulo megafunction ("lpm_divide") from the following logic: "Mod5" File: C:/Users/Yumi Amahane/Desktop/piano_verilog/piano.v Line: 27
    Info (278004): Inferred divider/modulo megafunction ("lpm_divide") from the following logic: "Mod0" File: C:/Users/Yumi Amahane/Desktop/piano_verilog/piano.v Line: 18
    Info (278004): Inferred divider/modulo megafunction ("lpm_divide") from the following logic: "Mod1" File: C:/Users/Yumi Amahane/Desktop/piano_verilog/piano.v Line: 19
Info (12130): Elaborated megafunction instantiation "lpm_divide:Mod2" File: C:/Users/Yumi Amahane/Desktop/piano_verilog/piano.v Line: 24
Info (12133): Instantiated megafunction "lpm_divide:Mod2" with the following parameter: File: C:/Users/Yumi Amahane/Desktop/piano_verilog/piano.v Line: 24
    Info (12134): Parameter "LPM_WIDTHN" = "26"
    Info (12134): Parameter "LPM_WIDTHD" = "7"
    Info (12134): Parameter "LPM_NREPRESENTATION" = "UNSIGNED"
    Info (12134): Parameter "LPM_DREPRESENTATION" = "UNSIGNED"
Info (12021): Found 1 design units, including 1 entities, in source file db/lpm_divide_r3m.tdf
    Info (12023): Found entity 1: lpm_divide_r3m File: C:/Users/Yumi Amahane/Desktop/piano_verilog/db/lpm_divide_r3m.tdf Line: 25
Info (12021): Found 1 design units, including 1 entities, in source file db/sign_div_unsign_ulh.tdf
    Info (12023): Found entity 1: sign_div_unsign_ulh File: C:/Users/Yumi Amahane/Desktop/piano_verilog/db/sign_div_unsign_ulh.tdf Line: 25
Info (12021): Found 1 design units, including 1 entities, in source file db/alt_u_div_20f.tdf
    Info (12023): Found entity 1: alt_u_div_20f File: C:/Users/Yumi Amahane/Desktop/piano_verilog/db/alt_u_div_20f.tdf Line: 23
Info (12130): Elaborated megafunction instantiation "lpm_divide:Mod3" File: C:/Users/Yumi Amahane/Desktop/piano_verilog/piano.v Line: 25
Info (12133): Instantiated megafunction "lpm_divide:Mod3" with the following parameter: File: C:/Users/Yumi Amahane/Desktop/piano_verilog/piano.v Line: 25
    Info (12134): Parameter "LPM_WIDTHN" = "26"
    Info (12134): Parameter "LPM_WIDTHD" = "7"
    Info (12134): Parameter "LPM_NREPRESENTATION" = "UNSIGNED"
    Info (12134): Parameter "LPM_DREPRESENTATION" = "UNSIGNED"
Info (12130): Elaborated megafunction instantiation "lpm_divide:Mod4" File: C:/Users/Yumi Amahane/Desktop/piano_verilog/piano.v Line: 26
Info (12133): Instantiated megafunction "lpm_divide:Mod4" with the following parameter: File: C:/Users/Yumi Amahane/Desktop/piano_verilog/piano.v Line: 26
    Info (12134): Parameter "LPM_WIDTHN" = "26"
    Info (12134): Parameter "LPM_WIDTHD" = "7"
    Info (12134): Parameter "LPM_NREPRESENTATION" = "UNSIGNED"
    Info (12134): Parameter "LPM_DREPRESENTATION" = "UNSIGNED"
Info (12130): Elaborated megafunction instantiation "lpm_divide:Mod5" File: C:/Users/Yumi Amahane/Desktop/piano_verilog/piano.v Line: 27
Info (12133): Instantiated megafunction "lpm_divide:Mod5" with the following parameter: File: C:/Users/Yumi Amahane/Desktop/piano_verilog/piano.v Line: 27
    Info (12134): Parameter "LPM_WIDTHN" = "26"
    Info (12134): Parameter "LPM_WIDTHD" = "7"
    Info (12134): Parameter "LPM_NREPRESENTATION" = "UNSIGNED"
    Info (12134): Parameter "LPM_DREPRESENTATION" = "UNSIGNED"
Info (12130): Elaborated megafunction instantiation "lpm_divide:Mod0" File: C:/Users/Yumi Amahane/Desktop/piano_verilog/piano.v Line: 18
Info (12133): Instantiated megafunction "lpm_divide:Mod0" with the following parameter: File: C:/Users/Yumi Amahane/Desktop/piano_verilog/piano.v Line: 18
    Info (12134): Parameter "LPM_WIDTHN" = "26"
    Info (12134): Parameter "LPM_WIDTHD" = "8"
    Info (12134): Parameter "LPM_NREPRESENTATION" = "UNSIGNED"
    Info (12134): Parameter "LPM_DREPRESENTATION" = "UNSIGNED"
Info (12021): Found 1 design units, including 1 entities, in source file db/lpm_divide_s3m.tdf
    Info (12023): Found entity 1: lpm_divide_s3m File: C:/Users/Yumi Amahane/Desktop/piano_verilog/db/lpm_divide_s3m.tdf Line: 25
Info (12021): Found 1 design units, including 1 entities, in source file db/sign_div_unsign_vlh.tdf
    Info (12023): Found entity 1: sign_div_unsign_vlh File: C:/Users/Yumi Amahane/Desktop/piano_verilog/db/sign_div_unsign_vlh.tdf Line: 25
Info (12021): Found 1 design units, including 1 entities, in source file db/alt_u_div_40f.tdf
    Info (12023): Found entity 1: alt_u_div_40f File: C:/Users/Yumi Amahane/Desktop/piano_verilog/db/alt_u_div_40f.tdf Line: 23
Info (12130): Elaborated megafunction instantiation "lpm_divide:Mod1" File: C:/Users/Yumi Amahane/Desktop/piano_verilog/piano.v Line: 19
Info (12133): Instantiated megafunction "lpm_divide:Mod1" with the following parameter: File: C:/Users/Yumi Amahane/Desktop/piano_verilog/piano.v Line: 19
    Info (12134): Parameter "LPM_WIDTHN" = "26"
    Info (12134): Parameter "LPM_WIDTHD" = "8"
    Info (12134): Parameter "LPM_NREPRESENTATION" = "UNSIGNED"
    Info (12134): Parameter "LPM_DREPRESENTATION" = "UNSIGNED"
Info (286030): Timing-Driven Synthesis is running
Info (16010): Generating hard_block partition "hard_block:auto_generated_inst"
    Info (16011): Adding 0 node(s), including 0 DDIO, 0 PLL, 0 transceiver and 0 LCELL
Info (21057): Implemented 2270 device resources after synthesis - the final resource count might be different
    Info (21058): Implemented 6 input pins
    Info (21059): Implemented 6 output pins
    Info (21061): Implemented 2258 logic cells
Info: Quartus Prime Analysis & Synthesis was successful. 0 errors, 13 warnings
    Info: Peak virtual memory: 4839 megabytes
    Info: Processing ended: Thu Apr 08 11:08:50 2021
    Info: Elapsed time: 00:00:58
    Info: Total CPU time (on all processors): 00:01:23


